<html>
<body>
<pre>
<h1>礦ision Build Log</h1>
<h2>Tool Versions:</h2>
IDE-Version: μVision V5.30.0.0
Copyright (C) 2020 ARM Ltd and ARM Germany GmbH. All rights reserved.
License Information: qizhi theodor, HP Inc., LIC=MPPLD-8K0B5-SBUEJ-U6TSV-Z9PMJ-QLG67
 
Tool Versions:
Toolchain:       MDK-ARM Plus  Version: 5.30.0.0
Toolchain Path:  C:\Keil_v5\ARM\ARMCC\Bin
C Compiler:      Armcc.exe V5.06 update 6 (build 750)
Assembler:       Armasm.exe V5.06 update 6 (build 750)
Linker/Locator:  ArmLink.exe V5.06 update 6 (build 750)
Library Manager: ArmAr.exe V5.06 update 6 (build 750)
Hex Converter:   FromElf.exe V5.06 update 6 (build 750)
CPU DLL:         SARMCM3.DLL V5.30.0.0
Dialog DLL:      DARMSTM.DLL V1.68.0.0
Target DLL:      CMSIS_AGDI.dll V1.32.5.0
Dialog DLL:      TARMSTM.DLL V1.66.0.0
 
<h2>Project:</h2>
G:\百度云文件\4，程序源码\2，标准例程-库函数版本\实验8 PWM输出实验\USER\PWM.uvprojx
Project File Date:  01/08/2022

<h2>Output:</h2>
*** Using Compiler 'V5.06 update 6 (build 750)', folder: 'C:\Keil_v5\ARM\ARMCC\Bin'
Build target 'PWM'
compiling timer.c...
linking...
Program Size: Code=8384 RO-data=336 RW-data=48 ZI-data=1832  
FromELF: creating hex file...
"C:\Users\theodore\Desktop\32hex\PWM27.axf" - 0 Error(s), 0 Warning(s).

<h2>Software Packages used:</h2>

Package Vendor: Keil
                http://www.keil.com/pack/Keil.STM32F1xx_DFP.2.0.0.pack
                Keil.STM32F1xx_DFP.2.0.0
                STMicroelectronics STM32F1 Series Device Support, Drivers and Examples

<h2>Collection of Component include folders:</h2>
  .\RTE\_PWM
  C:\Users\theodore\AppData\Local\Arm\Packs\Keil\STM32F1xx_DFP\2.0.0\Device\Include

<h2>Collection of Component Files used:</h2>
Build Time Elapsed:  00:00:01
</pre>
</body>
</html>
